<?xml version="1.0" encoding="UTF-8"?>
<note>
  <dataSources>
    <betexplorer />
  </dataSources>
  <data>
    <soccer>
      <Poland>
        <ekstraklasa>
          <events>
            <event url="http://www.betexplorer.com/soccer/Poland/ekstraklasa/korona-kielce-plock/6L7f5jc4/">
              <homeTeam>Korona Kielce</homeTeam>
              <visitingTeam>Plock</visitingTeam>
            </event>
            <event url="http://www.betexplorer.com/soccer/Poland/ekstraklasa/jagiellonia-lech-poznan/SU8j6Wsb/">
              <homeTeam>Jagiellonia</homeTeam>
              <visitingTeam>Lech Poznan</visitingTeam>
            </event>
          </events>
        </ekstraklasa>
      </Poland>
    </soccer>
  </data>
</note>
