<?xml version="1.0" encoding="UTF-8"?>
<note>
  <dataSources>
    <betexplorer />
  </dataSources>
  <data>
    <soccer>
      <Serbia>
        <super-liga />
        <prva-liga />
      </Serbia>
    </soccer>
  </data>
</note>
